> Task :app:checkKotlinGradlePluginConfigurationErrors SKIPPED
> Task :app:preBuild UP-TO-DATE
> Task :app:preDebugBuild UP-TO-DATE
> Task :app:dataBindingMergeDependencyArtifactsDebug UP-TO-DATE
> Task :app:generateDebugResValues UP-TO-DATE
> Task :app:generateDebugResources UP-TO-DATE
> Task :app:mergeDebugResources UP-TO-DATE
> Task :app:packageDebugResources UP-TO-DATE
> Task :app:parseDebugLocalResources UP-TO-DATE
> Task :app:dataBindingGenBaseClassesDebug UP-TO-DATE
> Task :app:dataBindingTriggerDebug UP-TO-DATE
> Task :app:checkDebugAarMetadata UP-TO-DATE
> Task :app:mapDebugSourceSetPaths UP-TO-DATE
> Task :app:createDebugCompatibleScreenManifests UP-TO-DATE
> Task :app:extractDeepLinksDebug UP-TO-DATE
> Task :app:processDebugMainManifest UP-TO-DATE
> Task :app:processDebugManifest UP-TO-DATE
> Task :app:processDebugManifestForPackage UP-TO-DATE
> Task :app:processDebugResources UP-TO-DATE
> Task :app:compileDebugKotlin
./gradlew : e: file:///
C:/Users/vyshn/AndroidS
tudioProjects/Attendyn/
app/src/main/java/com/s
imats/attendyn/AddSubje
ctsActivity.kt:233:47 
Argument type 
mismatch: actual type 
is 'kotlin.String', 
but 'kotlin.Int?' was 
expected.
At line:1 char:1
+ ./gradlew :app:compil
eDebugKotlin 
--console=plain > 
build_errors.txt  ...
+ ~~~~~~~~~~~~~~~~~~~~~
~~~~~~~~~~~~~~~~~~~~~~~
~~~~~~~~~~~~~~~~~~~~~~~
~~
    + CategoryInfo     
         : NotSpecifi  
  ed: (e: file:///C:   
 /U...' was expecte    
d.:String) [], Rem    
oteException
    + FullyQualifiedEr 
   rorId : NativeComm  
  andError
 
e: file:///C:/Users/vys
hn/AndroidStudioProject
s/Attendyn/app/src/main
/java/com/simats/attend
yn/AddSubjectsActivity.
kt:233:53 Argument 
type mismatch: actual 
type is 'kotlin.Int', 
but 'kotlin.String' 
was expected.
e: file:///C:/Users/vys
hn/AndroidStudioProject
s/Attendyn/app/src/main
/java/com/simats/attend
yn/AddSubjectsActivity.
kt:233:64 No value 
passed for parameter 
'attended'.
e: file:///C:/Users/vys
hn/AndroidStudioProject
s/Attendyn/app/src/main
/java/com/simats/attend
yn/network/ApiService.k
t:76:6 Unresolved 
reference 'GET'.

> Task :app:compileDebugKotlin FAILED

FAILURE: Build failed 
with an exception.

* What went wrong:
Execution failed for 
task ':app:compileDebug
Kotlin'.
> A failure occurred 
while executing org.jet
brains.kotlin.compilerR
unner.GradleCompilerRun
nerWithWorkers$GradleKo
tlinCompilerWorkAction
   > Compilation 
error. See log for 
more details

* Try:
> Run with 
--stacktrace option to 
get the stack trace.
> Run with --info or 
--debug option to get 
more log output.
> Run with --scan to 
get full insights.
> Get more help at http
s://help.gradle.org.

BUILD FAILED in 50s
17 actionable tasks: 1 executed, 16 up-to-date
