> Task :app:checkKotlinGradlePluginConfigurationErrors SKIPPED
> Task :app:preBuild UP-TO-DATE
> Task :app:preDebugBuild UP-TO-DATE
> Task :app:dataBindingMergeDependencyArtifactsDebug UP-TO-DATE
> Task :app:generateDebugResValues UP-TO-DATE
> Task :app:generateDebugResources UP-TO-DATE
> Task :app:mergeDebugResources UP-TO-DATE
> Task :app:packageDebugResources UP-TO-DATE
> Task :app:parseDebugLocalResources UP-TO-DATE
> Task :app:dataBindingGenBaseClassesDebug UP-TO-DATE
> Task :app:dataBindingTriggerDebug UP-TO-DATE
> Task :app:checkDebugAarMetadata UP-TO-DATE
> Task :app:mapDebugSourceSetPaths UP-TO-DATE
> Task :app:createDebugCompatibleScreenManifests UP-TO-DATE
> Task :app:extractDeepLinksDebug UP-TO-DATE
> Task :app:processDebugMainManifest UP-TO-DATE
> Task :app:processDebugManifest UP-TO-DATE
> Task :app:processDebugManifestForPackage UP-TO-DATE
> Task :app:processDebugResources UP-TO-DATE

> Task :app:compileDebugKotlin FAILED
./gradlew : e: file:///
C:/Users/vyshn/AndroidS
tudioProjects/Attendyn/
app/src/main/java/com/s
imats/attendyn/EditProf
ileActivity.kt:15:26 
Unresolved reference 
'MediaType'.
At line:1 char:1
+ ./gradlew :app:compil
eDebugKotlin > 
build_output.txt 2>&1
+ ~~~~~~~~~~~~~~~~~~~~~
~~~~~~~~~~~~~~~~~~~~~~~
~~~~~~~~~~~~~
    + CategoryInfo     
         : NotSpecifi  
  ed: (e: file:///C:   
 /U...ce 'MediaType    
'.:String) [], Rem    
oteException
    + FullyQualifiedEr 
   rorId : NativeComm  
  andError
 
e: file:///C:/Users/vys
hn/AndroidStudioProject
s/Attendyn/app/src/main
/java/com/simats/attend
yn/EditProfileActivity.
kt:17:28 Unresolved 
reference 
'RequestBody'.
e: file:///C:/Users/vys
hn/AndroidStudioProject
s/Attendyn/app/src/main
/java/com/simats/attend
yn/EditProfileActivity.
kt:197:32 Unresolved 
reference 
'asRequestBody'.
e: file:///C:/Users/vys
hn/AndroidStudioProject
s/Attendyn/app/src/main
/java/com/simats/attend
yn/EditProfileActivity.
kt:197:59 Unresolved 
reference 
'toMediaTypeOrNull'.
e: file:///C:/Users/vys
hn/AndroidStudioProject
s/Attendyn/app/src/main
/java/com/simats/attend
yn/network/RetrofitClie
nt.kt:4:16 Unresolved 
reference 'logging'.
e: file:///C:/Users/vys
hn/AndroidStudioProject
s/Attendyn/app/src/main
/java/com/simats/attend
yn/network/RetrofitClie
nt.kt:12:27 Unresolved 
reference 'HttpLoggingI
nterceptor'.
e: file:///C:/Users/vys
hn/AndroidStudioProject
s/Attendyn/app/src/main
/java/com/simats/attend
yn/network/RetrofitClie
nt.kt:12:52 Cannot 
infer type for this 
parameter. Please 
specify it explicitly.
e: file:///C:/Users/vys
hn/AndroidStudioProject
s/Attendyn/app/src/main
/java/com/simats/attend
yn/network/RetrofitClie
nt.kt:12:58 Cannot 
infer type for this 
parameter. Please 
specify it explicitly.
e: file:///C:/Users/vys
hn/AndroidStudioProject
s/Attendyn/app/src/main
/java/com/simats/attend
yn/network/RetrofitClie
nt.kt:13:9 Unresolved 
reference 'level'.
e: file:///C:/Users/vys
hn/AndroidStudioProject
s/Attendyn/app/src/main
/java/com/simats/attend
yn/network/RetrofitClie
nt.kt:13:17 Unresolved 
reference 'HttpLoggingI
nterceptor'.

FAILURE: Build failed 
with an exception.

* What went wrong:
Execution failed for 
task ':app:compileDebug
Kotlin'.
> A failure occurred 
while executing org.jet
brains.kotlin.compilerR
unner.GradleCompilerRun
nerWithWorkers$GradleKo
tlinCompilerWorkAction
   > Compilation 
error. See log for 
more details

* Try:
> Run with 
--stacktrace option to 
get the stack trace.
> Run with --info or 
--debug option to get 
more log output.
> Run with --scan to 
get full insights.
> Get more help at http
s://help.gradle.org.

BUILD FAILED in 11s
17 actionable tasks: 1 executed, 16 up-to-date
